18e72c60Microsoft Windows [Version 10.0.19044.2364]
(c) Microsoft Corporation. All rights reserved.

C:\Users\91959\Desktop\kochi dac\GIT CLASS\New git>git init
Initialized empty Git repository in C:/Users/91959/Desktop/kochi dac/GIT CLASS/New git/.git/

C:\Users\91959\Desktop\kochi dac\GIT CLASS\New git>git add git.txt
fatal: pathspec 'git.txt' did not match any files

C:\Users\91959\Desktop\kochi dac\GIT CLASS\New git>git add git.txt

C:\Users\91959\Desktop\kochi dac\GIT CLASS\New git>git txt
git: 'txt' is not a git command. See 'git --help'.

The most similar command is
        tag

C:\Users\91959\Desktop\kochi dac\GIT CLASS\New git>git status
On branch master

No commits yet

Changes to be committed:
  (use "git rm --cached <file>..." to unstage)
        new file:   git.txt


C:\Users\91959\Desktop\kochi dac\GIT CLASS\New git>git status
On branch master

No commits yet

Changes to be committed:
  (use "git rm --cached <file>..." to unstage)
        new file:   git.txt

Changes not staged for commit:
  (use "git add/rm <file>..." to update what will be committed)
  (use "git restore <file>..." to discard changes in working directory)
        deleted:    git.txt


C:\Users\91959\Desktop\kochi dac\GIT CLASS\New git>git status
On branch master

No commits yet

Changes to be committed:
  (use "git rm --cached <file>..." to unstage)
        new file:   git.txt

Changes not staged for commit:
  (use "git add/rm <file>..." to update what will be committed)
  (use "git restore <file>..." to discard changes in working directory)
        deleted:    git.txt


C:\Users\91959\Desktop\kochi dac\GIT CLASS\New git>git status
On branch master

No commits yet

Changes to be committed:
  (use "git rm --cached <file>..." to unstage)
        new file:   git.txt

Changes not staged for commit:
  (use "git add/rm <file>..." to update what will be committed)
  (use "git restore <file>..." to discard changes in working directory)
        deleted:    git.txt

Untracked files:
  (use "git add <file>..." to include in what will be committed)
        git .txt


C:\Users\91959\Desktop\kochi dac\GIT CLASS\New git>git status
On branch master

No commits yet

Changes to be committed:
  (use "git rm --cached <file>..." to unstage)
        new file:   git.txt


C:\Users\91959\Desktop\kochi dac\GIT CLASS\New git>git commit -m "new file"
[master (root-commit) 93c07b5] new file
 1 file changed, 0 insertions(+), 0 deletions(-)
 create mode 100644 git.txt

C:\Users\91959\Desktop\kochi dac\GIT CLASS\New git>git status
On branch master
nothing to commit, working tree clean

C:\Users\91959\Desktop\kochi dac\GIT CLASS\New git>git init
Reinitialized existing Git repository in C:/Users/91959/Desktop/kochi dac/GIT CLASS/New git/.git/

C:\Users\91959\Desktop\kochi dac\GIT CLASS\New git>git status
On branch master
Untracked files:
  (use "git add <file>..." to include in what will be committed)
        abstract.txt

nothing added to commit but untracked files present (use "git add" to track)

C:\Users\91959\Desktop\kochi dac\GIT CLASS\New git>git add abstract.txt

C:\Users\91959\Desktop\kochi dac\GIT CLASS\New git>git status
On branch master
Changes to be committed:
  (use "git restore --staged <file>..." to unstage)
        new file:   abstract.txt


C:\Users\91959\Desktop\kochi dac\GIT CLASS\New git>git commit -m "new file"
[master 9a157d9] new file
 1 file changed, 0 insertions(+), 0 deletions(-)
 create mode 100644 abstract.txt

C:\Users\91959\Desktop\kochi dac\GIT CLASS\New git>git log
commit 9a157d97abe4bf0672ae7424cb1bd59612772ba8 (HEAD -> master)
Author: Rahul S <sonawane.rahul111@gmail.com>
Date:   Mon Dec 26 10:08:15 2022 +0530

    new file

commit 93c07b5e3c0bff2dc48385cca8b25d6ef6b8dd9c
Author: Rahul S <sonawane.rahul111@gmail.com>
Date:   Mon Dec 26 09:44:18 2022 +0530

    new file

C:\Users\91959\Desktop\kochi dac\GIT CLASS\New git>git log
commit 9a157d97abe4bf0672ae7424cb1bd59612772ba8 (HEAD -> master)
Author: Rahul S <sonawane.rahul111@gmail.com>
Date:   Mon Dec 26 10:08:15 2022 +0530

    new file

commit 93c07b5e3c0bff2dc48385cca8b25d6ef6b8dd9c
Author: Rahul S <sonawane.rahul111@gmail.com>
Date:   Mon Dec 26 09:44:18 2022 +0530

    new file

C:\Users\91959\Desktop\kochi dac\GIT CLASS\New git>git status
On branch master
Changes not staged for commit:
  (use "git add <file>..." to update what will be committed)
  (use "git restore <file>..." to discard changes in working directory)
        modified:   abstract.txt

no changes added to commit (use "git add" and/or "git commit -a")

C:\Users\91959\Desktop\kochi dac\GIT CLASS\New git>git add abstract.txt

C:\Users\91959\Desktop\kochi dac\GIT CLASS\New git>git status
On branch master
Changes to be committed:
  (use "git restore --staged <file>..." to unstage)
        modified:   abstract.txt


C:\Users\91959\Desktop\kochi dac\GIT CLASS\New git>git commit -m "file updated "
[master 18e72c6] file updated
 1 file changed, 20 insertions(+)

C:\Users\91959\Desktop\kochi dac\GIT CLASS\New git>git log
commit 18e72c60fb0aec15199aa3db9596c42c5736894f (HEAD -> master)
Author: Rahul S <sonawane.rahul111@gmail.com>
Date:   Mon Dec 26 10:30:26 2022 +0530

    file updated

commit 9a157d97abe4bf0672ae7424cb1bd59612772ba8
Author: Rahul S <sonawane.rahul111@gmail.com>
Date:   Mon Dec 26 10:08:15 2022 +0530

    new file

commit 93c07b5e3c0bff2dc48385cca8b25d6ef6b8dd9c
Author: Rahul S <sonawane.rahul111@gmail.com>
Date:   Mon Dec 26 09:44:18 2022 +0530

    new file

C:\Users\91959\Desktop\kochi dac\GIT CLASS\New git>git checkout 18e72c60
Note: switching to '18e72c60'.

You are in 'detached HEAD' state. You can look around, make experimental
changes and commit them, and you can discard any commits you make in this
state without impacting any branches by switching back to a branch.

If you want to create a new branch to retain commits you create, you may
do so (now or later) by using -c with the switch command. Example:

  git switch -c <new-branch-name>

Or undo this operation with:

  git switch -

Turn off this advice by setting config variable advice.detachedHead to false

HEAD is now at 18e72c6 file updated

C:\Users\91959\Desktop\kochi dac\GIT CLASS\New git>git log
commit 18e72c60fb0aec15199aa3db9596c42c5736894f (HEAD, master)
Author: Rahul S <sonawane.rahul111@gmail.com>
Date:   Mon Dec 26 10:30:26 2022 +0530

    file updated

commit 9a157d97abe4bf0672ae7424cb1bd59612772ba8
Author: Rahul S <sonawane.rahul111@gmail.com>
Date:   Mon Dec 26 10:08:15 2022 +0530

    new file

commit 93c07b5e3c0bff2dc48385cca8b25d6ef6b8dd9c
Author: Rahul S <sonawane.rahul111@gmail.com>
Date:   Mon Dec 26 09:44:18 2022 +0530

    new file

C:\Users\91959\Desktop\kochi dac\GIT CLASS\New git>git checkout 9a157d97
Previous HEAD position was 18e72c6 file updated
HEAD is now at 9a157d9 new file

C:\Users\91959\Desktop\kochi dac\GIT CLASS\New git>git log
commit 9a157d97abe4bf0672ae7424cb1bd59612772ba8 (HEAD)
Author: Rahul S <sonawane.rahul111@gmail.com>
Date:   Mon Dec 26 10:08:15 2022 +0530

    new file

commit 93c07b5e3c0bff2dc48385cca8b25d6ef6b8dd9c
Author: Rahul S <sonawane.rahul111@gmail.com>
Date:   Mon Dec 26 09:44:18 2022 +0530

    new file

C:\Users\91959\Desktop\kochi dac\GIT CLASS\New git>git log
commit 9a157d97abe4bf0672ae7424cb1bd59612772ba8 (HEAD)
Author: Rahul S <sonawane.rahul111@gmail.com>
Date:   Mon Dec 26 10:08:15 2022 +0530

    new file

commit 93c07b5e3c0bff2dc48385cca8b25d6ef6b8dd9c
Author: Rahul S <sonawane.rahul111@gmail.com>
Date:   Mon Dec 26 09:44:18 2022 +0530

    new file

C:\Users\91959\Desktop\kochi dac\GIT CLASS\New git>git checkout 18e72c60
Previous HEAD position was 9a157d9 new file
HEAD is now at 18e72c6 file updated

C:\Users\91959\Desktop\kochi dac\GIT CLASS\New git>git log
commit 18e72c60fb0aec15199aa3db9596c42c5736894f (HEAD, master)
Author: Rahul S <sonawane.rahul111@gmail.com>
Date:   Mon Dec 26 10:30:26 2022 +0530

    file updated

commit 9a157d97abe4bf0672ae7424cb1bd59612772ba8
Author: Rahul S <sonawane.rahul111@gmail.com>
Date:   Mon Dec 26 10:08:15 2022 +0530

    new file

commit 93c07b5e3c0bff2dc48385cca8b25d6ef6b8dd9c
Author: Rahul S <sonawane.rahul111@gmail.com>
Date:   Mon Dec 26 09:44:18 2022 +0530

    new file

C:\Users\91959\Desktop\kochi dac\GIT CLASS\New git>git status
HEAD detached at 18e72c6
Changes not staged for commit:
  (use "git add <file>..." to update what will be committed)
  (use "git restore <file>..." to discard changes in working directory)
        modified:   git.txt

no changes added to commit (use "git add" and/or "git commit -a")

C:\Users\91959\Desktop\kochi dac\GIT CLASS\New git>git add .

C:\Users\91959\Desktop\kochi dac\GIT CLASS\New git>git status
HEAD detached at 18e72c6
Changes to be committed:
  (use "git restore --staged <file>..." to unstage)
        modified:   git.txt


C:\Users\91959\Desktop\kochi dac\GIT CLASS\New git>git commit -m "git file updated "
[detached HEAD af103a0] git file updated
 1 file changed, 1 insertion(+)

C:\Users\91959\Desktop\kochi dac\GIT CLASS\New git>git log
commit af103a001dc717d82b3968034b3c0188265ee3dc (HEAD)
Author: Rahul S <sonawane.rahul111@gmail.com>
Date:   Mon Dec 26 11:00:06 2022 +0530

    git file updated

commit 18e72c60fb0aec15199aa3db9596c42c5736894f (master)
Author: Rahul S <sonawane.rahul111@gmail.com>
Date:   Mon Dec 26 10:30:26 2022 +0530

    file updated

commit 9a157d97abe4bf0672ae7424cb1bd59612772ba8
Author: Rahul S <sonawane.rahul111@gmail.com>
Date:   Mon Dec 26 10:08:15 2022 +0530

    new file

commit 93c07b5e3c0bff2dc48385cca8b25d6ef6b8dd9c
Author: Rahul S <sonawane.rahul111@gmail.com>
Date:   Mon Dec 26 09:44:18 2022 +0530

    new file

C:\Users\91959\Desktop\kochi dac\GIT CLASS\New git>